// Jest Snapshot v1, https://goo.gl/fbAQLP

exports[`renders without crashing 1`] = `
<withScriptjs(App)
  googleMapURL="googleMapURL"
  loadingElement={
    <div
      style={
        Object {
          "height": "100%",
        }
      }
    />
  }
>
  <App>
    <Direction
      path={Array []}
    >
      <div
        className="container"
      >
        <div
          className="form"
        >
          <Input
            distance=""
            duration=""
            onReset={[Function]}
            onSubmit={[Function]}
          >
            <form>
              <label
                htmlFor="pick"
              >
                Starting Location
              </label>
              <StandaloneSearchBox
                onPlacesChanged={[Function]}
              >
                <div
                  className="locationInput"
                >
                  <input
                    id="pick"
                    placeholder="Starting Location"
                    required={true}
                    type="text"
                  />
                  <i
                    onClick={[Function]}
                  >
                    <_default>
                      <svg
                        height="24"
                        viewBox="0 0 24 24"
                        width="24"
                        xmlns="http://www.w3.org/2000/svg"
                      >
                        <path
                          d="M24 20.188l-8.315-8.209 8.2-8.282-3.697-3.697-8.212 8.318-8.31-8.203-3.666 3.666 8.321 8.24-8.206 8.313 3.666 3.666 8.237-8.318 8.285 8.203z"
                        />
                      </svg>
                    </_default>
                  </i>
                </div>
              </StandaloneSearchBox>
              <label
                htmlFor="drop"
              >
                Drop-off point
              </label>
              <StandaloneSearchBox
                onPlacesChanged={[Function]}
              >
                <div
                  className="locationInput"
                >
                  <input
                    id="drop"
                    placeholder="Drop-off point"
                    required={true}
                    type="text"
                  />
                  <i
                    onClick={[Function]}
                  >
                    <_default>
                      <svg
                        height="24"
                        viewBox="0 0 24 24"
                        width="24"
                        xmlns="http://www.w3.org/2000/svg"
                      >
                        <path
                          d="M24 20.188l-8.315-8.209 8.2-8.282-3.697-3.697-8.212 8.318-8.31-8.203-3.666 3.666 8.321 8.24-8.206 8.313 3.666 3.666 8.237-8.318 8.285 8.203z"
                        />
                      </svg>
                    </_default>
                  </i>
                </div>
              </StandaloneSearchBox>
              <br />
              <input
                onClick={[Function]}
                type="submit"
                value="Submit"
              />
              <input
                onClick={[Function]}
                type="button"
                value="Reset"
              />
            </form>
          </Input>
        </div>
        <withGoogleMap(Map)
          containerElement={
            <div
              className="map"
            />
          }
          directions={null}
          mapElement={
            <div
              style={
                Object {
                  "height": "100%",
                }
              }
            />
          }
        >
          <div
            className="map"
          >
            <div
              style={
                Object {
                  "height": "100%",
                }
              }
            />
            <div />
          </div>
        </withGoogleMap(Map)>
      </div>
    </Direction>
  </App>
</withScriptjs(App)>
`;
